Performing C SOURCE FILE Test CMAKE_HAVE_LIBC_PTHREAD failed with the following output:
Change Dir: /home/icebear/MyProjects/ROSProjects/yoloqt_ws/build/CMakeFiles/CMakeTmp

Run Build Command(s):/usr/bin/make cmTC_3498e/fast && /usr/bin/make -f CMakeFiles/cmTC_3498e.dir/build.make CMakeFiles/cmTC_3498e.dir/build
make[1]: Entering directory '/home/icebear/MyProjects/ROSProjects/yoloqt_ws/build/CMakeFiles/CMakeTmp'
Building C object CMakeFiles/cmTC_3498e.dir/src.c.o
/usr/bin/cc   -DCMAKE_HAVE_LIBC_PTHREAD   -o CMakeFiles/cmTC_3498e.dir/src.c.o   -c /home/icebear/MyProjects/ROSProjects/yoloqt_ws/build/CMakeFiles/CMakeTmp/src.c
Linking C executable cmTC_3498e
/usr/bin/cmake -E cmake_link_script CMakeFiles/cmTC_3498e.dir/link.txt --verbose=1
/usr/bin/cc  -DCMAKE_HAVE_LIBC_PTHREAD    -rdynamic CMakeFiles/cmTC_3498e.dir/src.c.o  -o cmTC_3498e 
/usr/bin/ld: CMakeFiles/cmTC_3498e.dir/src.c.o: in function `main':
src.c:(.text+0x48): undefined reference to `pthread_create'
/usr/bin/ld: src.c:(.text+0x50): undefined reference to `pthread_detach'
/usr/bin/ld: src.c:(.text+0x5c): undefined reference to `pthread_join'
collect2: error: ld returned 1 exit status
make[1]: *** [CMakeFiles/cmTC_3498e.dir/build.make:87: cmTC_3498e] Error 1
make[1]: Leaving directory '/home/icebear/MyProjects/ROSProjects/yoloqt_ws/build/CMakeFiles/CMakeTmp'
make: *** [Makefile:121: cmTC_3498e/fast] Error 2


Source file was:
#include <pthread.h>

void* test_func(void* data)
{
  return data;
}

int main(void)
{
  pthread_t thread;
  pthread_create(&thread, NULL, test_func, NULL);
  pthread_detach(thread);
  pthread_join(thread, NULL);
  pthread_atfork(NULL, NULL, NULL);
  pthread_exit(NULL);

  return 0;
}

Determining if the function pthread_create exists in the pthreads failed with the following output:
Change Dir: /home/icebear/MyProjects/ROSProjects/yoloqt_ws/build/CMakeFiles/CMakeTmp

Run Build Command(s):/usr/bin/make cmTC_36d0c/fast && /usr/bin/make -f CMakeFiles/cmTC_36d0c.dir/build.make CMakeFiles/cmTC_36d0c.dir/build
make[1]: Entering directory '/home/icebear/MyProjects/ROSProjects/yoloqt_ws/build/CMakeFiles/CMakeTmp'
Building C object CMakeFiles/cmTC_36d0c.dir/CheckFunctionExists.c.o
/usr/bin/cc   -DCHECK_FUNCTION_EXISTS=pthread_create   -o CMakeFiles/cmTC_36d0c.dir/CheckFunctionExists.c.o   -c /usr/share/cmake-3.16/Modules/CheckFunctionExists.c
Linking C executable cmTC_36d0c
/usr/bin/cmake -E cmake_link_script CMakeFiles/cmTC_36d0c.dir/link.txt --verbose=1
/usr/bin/cc  -DCHECK_FUNCTION_EXISTS=pthread_create    -rdynamic CMakeFiles/cmTC_36d0c.dir/CheckFunctionExists.c.o  -o cmTC_36d0c  -lpthreads 
/usr/bin/ld: cannot find -lpthreads
collect2: error: ld returned 1 exit status
make[1]: *** [CMakeFiles/cmTC_36d0c.dir/build.make:87: cmTC_36d0c] Error 1
make[1]: Leaving directory '/home/icebear/MyProjects/ROSProjects/yoloqt_ws/build/CMakeFiles/CMakeTmp'
make: *** [Makefile:121: cmTC_36d0c/fast] Error 2



